###############################################################################
#
# IAR ELF Linker V2.20.1.176 for STM8                     25/May/2017  14:24:52
# Copyright 2010-2015 IAR Systems AB.
#
#    Output file  =  
#        D:\MyCloud\Working\ADF7030-1 程序\ADF7030-1 STM8 RSSI
#        display\Debug\Exe\project.out
#    Map file     =  
#        D:\MyCloud\Working\ADF7030-1 程序\ADF7030-1 STM8 RSSI
#        display\Debug\List\project.map
#    Command line =  
#        "D:\MyCloud\Working\ADF7030-1 程序\ADF7030-1 STM8 RSSI
#        display\Debug\Obj\ADF7030_1.o" "D:\MyCloud\Working\ADF7030-1
#        程序\ADF7030-1 STM8 RSSI display\Debug\Obj\eeprom.o"
#        "D:\MyCloud\Working\ADF7030-1 程序\ADF7030-1 STM8 RSSI
#        display\Debug\Obj\ID_Decode.o" "D:\MyCloud\Working\ADF7030-1
#        程序\ADF7030-1 STM8 RSSI display\Debug\Obj\Initial.o"
#        "D:\MyCloud\Working\ADF7030-1 程序\ADF7030-1 STM8 RSSI
#        display\Debug\Obj\lcd.o" "D:\MyCloud\Working\ADF7030-1 程序\ADF7030-1
#        STM8 RSSI display\Debug\Obj\main.o" "D:\MyCloud\Working\ADF7030-1
#        程序\ADF7030-1 STM8 RSSI display\Debug\Obj\ram.o"
#        "D:\MyCloud\Working\ADF7030-1 程序\ADF7030-1 STM8 RSSI
#        display\Debug\Obj\spi.o" "D:\MyCloud\Working\ADF7030-1 程序\ADF7030-1
#        STM8 RSSI display\Debug\Obj\stm8l15x_adc.o"
#        "D:\MyCloud\Working\ADF7030-1 程序\ADF7030-1 STM8 RSSI
#        display\Debug\Obj\stm8l15x_aes.o" "D:\MyCloud\Working\ADF7030-1
#        程序\ADF7030-1 STM8 RSSI display\Debug\Obj\stm8l15x_beep.o"
#        "D:\MyCloud\Working\ADF7030-1 程序\ADF7030-1 STM8 RSSI
#        display\Debug\Obj\stm8l15x_clk.o" "D:\MyCloud\Working\ADF7030-1
#        程序\ADF7030-1 STM8 RSSI display\Debug\Obj\stm8l15x_comp.o"
#        "D:\MyCloud\Working\ADF7030-1 程序\ADF7030-1 STM8 RSSI
#        display\Debug\Obj\stm8l15x_dac.o" "D:\MyCloud\Working\ADF7030-1
#        程序\ADF7030-1 STM8 RSSI display\Debug\Obj\stm8l15x_dma.o"
#        "D:\MyCloud\Working\ADF7030-1 程序\ADF7030-1 STM8 RSSI
#        display\Debug\Obj\stm8l15x_exti.o" "D:\MyCloud\Working\ADF7030-1
#        程序\ADF7030-1 STM8 RSSI display\Debug\Obj\stm8l15x_flash.o"
#        "D:\MyCloud\Working\ADF7030-1 程序\ADF7030-1 STM8 RSSI
#        display\Debug\Obj\stm8l15x_gpio.o" "D:\MyCloud\Working\ADF7030-1
#        程序\ADF7030-1 STM8 RSSI display\Debug\Obj\stm8l15x_i2c.o"
#        "D:\MyCloud\Working\ADF7030-1 程序\ADF7030-1 STM8 RSSI
#        display\Debug\Obj\stm8l15x_irtim.o" "D:\MyCloud\Working\ADF7030-1
#        程序\ADF7030-1 STM8 RSSI display\Debug\Obj\stm8l15x_it.o"
#        "D:\MyCloud\Working\ADF7030-1 程序\ADF7030-1 STM8 RSSI
#        display\Debug\Obj\stm8l15x_itc.o" "D:\MyCloud\Working\ADF7030-1
#        程序\ADF7030-1 STM8 RSSI display\Debug\Obj\stm8l15x_iwdg.o"
#        "D:\MyCloud\Working\ADF7030-1 程序\ADF7030-1 STM8 RSSI
#        display\Debug\Obj\stm8l15x_lcd.o" "D:\MyCloud\Working\ADF7030-1
#        程序\ADF7030-1 STM8 RSSI display\Debug\Obj\stm8l15x_pwr.o"
#        "D:\MyCloud\Working\ADF7030-1 程序\ADF7030-1 STM8 RSSI
#        display\Debug\Obj\stm8l15x_rst.o" "D:\MyCloud\Working\ADF7030-1
#        程序\ADF7030-1 STM8 RSSI display\Debug\Obj\stm8l15x_rtc.o"
#        "D:\MyCloud\Working\ADF7030-1 程序\ADF7030-1 STM8 RSSI
#        display\Debug\Obj\stm8l15x_spi.o" "D:\MyCloud\Working\ADF7030-1
#        程序\ADF7030-1 STM8 RSSI display\Debug\Obj\stm8l15x_syscfg.o"
#        "D:\MyCloud\Working\ADF7030-1 程序\ADF7030-1 STM8 RSSI
#        display\Debug\Obj\stm8l15x_tim1.o" "D:\MyCloud\Working\ADF7030-1
#        程序\ADF7030-1 STM8 RSSI display\Debug\Obj\stm8l15x_tim2.o"
#        "D:\MyCloud\Working\ADF7030-1 程序\ADF7030-1 STM8 RSSI
#        display\Debug\Obj\stm8l15x_tim3.o" "D:\MyCloud\Working\ADF7030-1
#        程序\ADF7030-1 STM8 RSSI display\Debug\Obj\stm8l15x_tim4.o"
#        "D:\MyCloud\Working\ADF7030-1 程序\ADF7030-1 STM8 RSSI
#        display\Debug\Obj\stm8l15x_tim5.o" "D:\MyCloud\Working\ADF7030-1
#        程序\ADF7030-1 STM8 RSSI display\Debug\Obj\stm8l15x_usart.o"
#        "D:\MyCloud\Working\ADF7030-1 程序\ADF7030-1 STM8 RSSI
#        display\Debug\Obj\stm8l15x_wfe.o" "D:\MyCloud\Working\ADF7030-1
#        程序\ADF7030-1 STM8 RSSI display\Debug\Obj\stm8l15x_wwdg.o"
#        "D:\MyCloud\Working\ADF7030-1 程序\ADF7030-1 STM8 RSSI
#        display\Debug\Obj\Timer.o" "D:\MyCloud\Working\ADF7030-1
#        程序\ADF7030-1 STM8 RSSI display\Debug\Obj\uart.o" --redirect
#        _Printf=_PrintfFullNoMb --redirect _Scanf=_ScanfFullNoMb -o
#        "D:\MyCloud\Working\ADF7030-1 程序\ADF7030-1 STM8 RSSI
#        display\Debug\Exe\project.out" --map "D:\MyCloud\Working\ADF7030-1
#        程序\ADF7030-1 STM8 RSSI display\Debug\List\project.map" --config
#        "C:\Program Files (x86)\IAR Systems\Embedded Workbench
#        7.3\stm8\config\lnkstm8l151g4.icf" --config_def _CSTACK_SIZE=0x100
#        --config_def _HEAP_SIZE=0x100 --entry __iar_program_start --debug_lib
#
###############################################################################

*******************************************************************************
*** RUNTIME MODEL ATTRIBUTES
***

__SystemLibrary            = DLib
__code_model               = medium_or_large
__core                     = stm8
__data_model               = medium
__dlib_file_descriptor     = 0
__dlib_full_locale_support = 0
__rt_version               = 4


*******************************************************************************
*** PLACEMENT SUMMARY
***

"A1":  place at start of [0x000000-0x0000ff] { rw section .vregs };
"A2":  place at end of [0x000000-0x0007ff] { block CSTACK };
"P2":  place in [from 0x000000 to 0x0007ff] {
          block HEAP, rw section __DLIB_PERTHREAD, rw section .far.bss,
          rw section .far.data, rw section .far.noinit,
          rw section .far_func.textrw, rw section .huge.bss,
          rw section .huge.data, rw section .huge.noinit,
          rw section .huge_func.textrw, rw section .iar.dynexit,
          rw section .near.bss, rw section .near.data, rw section .near.noinit,
          rw section .near_func.textrw };
"A3":  place at start of [0x008000-0x00bfff] { block INTVEC };
"P3":  place in [from 0x008000 to 0x00bfff] {
          ro section __DLIB_PERTHREAD_init, ro section .far.data_init,
          ro section .far_func.textrw_init, ro section .huge.data_init,
          ro section .huge_func.textrw_init, ro section .iar.init_table,
          ro section .init_array, ro section .near.data_init,
          ro section .near.rodata, ro section .near_func.text,
          ro section .near_func.textrw_init, ro section .tiny.data_init,
          ro section .tiny.rodata_init };
"P4":  place in [from 0x008000 to 0x00bfff] {
          ro section .far.rodata, ro section .far_func.text };

  Section            Kind      Address    Size  Object
  -------            ----      -------    ----  ------
"A1":                                     0x10
  .vregs             uninit   0x000000    0x10  vregs.o [4]
                            - 0x000010    0x10

"P2", part 1 of 4:                       0x400
  .near.bss          zero     0x000010   0x400  ram.o [1]
                            - 0x000410   0x400

"P2", part 2 of 4:                        0x80
  .near.bss          zero     0x000410    0x80  rand.o [4]
                            - 0x000490    0x80

"P2", part 3 of 4:                        0xa0
  .near.bss          zero     0x000490    0x28  ADF7030_1.o [1]
  .near.bss          zero     0x0004b8    0x18  ADF7030_1.o [1]
  .near.bss          zero     0x0004d0    0x10  ram.o [1]
  .near.bss          zero     0x0004e0    0x10  ram.o [1]
  .near.bss          zero     0x0004f0     0x4  ADF7030_1.o [1]
  .near.bss          zero     0x0004f4     0x4  ADF7030_1.o [1]
  .near.bss          zero     0x0004f8     0x4  ADF7030_1.o [1]
  .near.bss          zero     0x0004fc     0x4  ram.o [1]
  .near.bss          zero     0x000500     0x4  rand.o [4]
  .near.bss          zero     0x000504     0x3  rand.o [4]
  .near.bss          zero     0x000507     0x3  rand.o [4]
  .near.bss          zero     0x00050a     0x3  rand.o [4]
  .near.bss          zero     0x00050d     0x3  rand.o [4]
  .near.bss          zero     0x000510     0x2  ADF7030_1.o [1]
  .near.bss          zero     0x000512     0x2  Initial.o [1]
  .near.bss          zero     0x000514     0x2  Initial.o [1]
  .near.bss          zero     0x000516     0x2  main.o [1]
  .near.bss          zero     0x000518     0x2  ram.o [1]
  .near.bss          zero     0x00051a     0x1  ADF7030_1.o [1]
  .near.bss          zero     0x00051b     0x1  ADF7030_1.o [1]
  .near.bss          zero     0x00051c     0x1  ADF7030_1.o [1]
  .near.bss          zero     0x00051d     0x1  ADF7030_1.o [1]
  .near.bss          zero     0x00051e     0x1  ADF7030_1.o [1]
  .near.bss          zero     0x00051f     0x1  ADF7030_1.o [1]
  .near.bss          zero     0x000520     0x1  ADF7030_1.o [1]
  .near.bss          zero     0x000521     0x1  ADF7030_1.o [1]
  .near.bss          zero     0x000522     0x1  ADF7030_1.o [1]
  .near.bss          zero     0x000523     0x1  ADF7030_1.o [1]
  .near.bss          zero     0x000524     0x1  ID_Decode.o [1]
  .near.bss          zero     0x000525     0x1  ID_Decode.o [1]
  .near.bss          zero     0x000526     0x1  ID_Decode.o [1]
  .near.bss          zero     0x000527     0x1  ID_Decode.o [1]
  .near.bss          zero     0x000528     0x1  Initial.o [1]
  .near.bss          zero     0x000529     0x1  Initial.o [1]
  .near.bss          zero     0x00052a     0x1  Initial.o [1]
  .near.bss          zero     0x00052b     0x1  main.o [1]
  .near.bss          zero     0x00052c     0x1  ram.o [1]
  .near.bss          zero     0x00052d     0x1  ram.o [1]
  .near.bss          zero     0x00052e     0x1  ram.o [1]
  .near.bss          zero     0x00052f     0x1  rand.o [4]
                            - 0x000530    0xa0

"P2", part 4 of 4:                       0x195
  P2-1                        0x000530   0x195  <Init block>
    .near.data       inited   0x000530     0x2  ADF7030_1.o [1]
    .near.data       inited   0x000532   0x12c  ADF7030_1.o [1]
    .near.data       inited   0x00065e     0x1  Initial.o [1]
    .near.data       inited   0x00065f     0x1  ram.o [1]
    .near.data       inited   0x000660     0x1  ram.o [1]
    .near.data       inited   0x000661     0xc  ram.o [1]
    .near.data       inited   0x00066d     0x4  ram.o [1]
    .near.data       inited   0x000671    0x48  ram.o [1]
    .near.data       inited   0x0006b9     0x2  Timer.o [1]
    .near.data       inited   0x0006bb     0x2  Timer.o [1]
    .near.data       inited   0x0006bd     0x2  Timer.o [1]
    .near.data       inited   0x0006bf     0x2  Timer.o [1]
    .near.data       inited   0x0006c1     0x4  rand.o [4]
                            - 0x0006c5   0x195

"A2":                                    0x100
  CSTACK                      0x000700   0x100  <Block>
    CSTACK           uninit   0x000700   0x100  <Block tail>
                            - 0x000800   0x100

Absolute sections, part 1 of 14:          0x14
  .near.noinit       uninit   0x005000     0x1  Initial.o [1]
  .near.noinit       uninit   0x005001     0x1  Initial.o [1]
  .near.noinit       uninit   0x005002     0x1  Initial.o [1]
  .near.noinit       uninit   0x005003     0x1  Initial.o [1]
  .near.noinit       uninit   0x005004     0x1  Initial.o [1]
  .near.noinit       uninit   0x005005     0x1  spi.o [1]
  .near.noinit       uninit   0x005006     0x1  main.o [1]
  .near.noinit       uninit   0x005007     0x1  spi.o [1]
  .near.noinit       uninit   0x005008     0x1  spi.o [1]
  .near.noinit       uninit   0x005009     0x1  spi.o [1]
  .near.noinit       uninit   0x00500a     0x1  main.o [1]
  .near.noinit       uninit   0x00500b     0x1  ID_Decode.o [1]
  .near.noinit       uninit   0x00500c     0x1  Initial.o [1]
  .near.noinit       uninit   0x00500d     0x1  Initial.o [1]
  .near.noinit       uninit   0x00500e     0x1  Initial.o [1]
  .near.noinit       uninit   0x00500f     0x1  lcd.o [1]
  .near.noinit       uninit   0x005010     0x1  Initial.o [1]
  .near.noinit       uninit   0x005011     0x1  Initial.o [1]
  .near.noinit       uninit   0x005012     0x1  Initial.o [1]
  .near.noinit       uninit   0x005013     0x1  Initial.o [1]
                            - 0x005014    0x14

Absolute sections, part 2 of 14:           0x2
  .near.noinit       uninit   0x005050     0x1  eeprom.o [1]
  .near.noinit       uninit   0x005051     0x1  eeprom.o [1]
                            - 0x005052     0x2

Absolute sections, part 3 of 14:           0x1
  .near.noinit       uninit   0x005054     0x1  eeprom.o [1]
                            - 0x005055     0x1

Absolute sections, part 4 of 14:           0x1
  .near.noinit       uninit   0x0050a1     0x1  Initial.o [1]
                            - 0x0050a2     0x1

Absolute sections, part 5 of 14:           0x1
  .near.noinit       uninit   0x0050a3     0x1  ID_Decode.o [1]
                            - 0x0050a4     0x1

Absolute sections, part 6 of 14:           0x1
  .near.noinit       uninit   0x0050c0     0x1  Initial.o [1]
                            - 0x0050c1     0x1

Absolute sections, part 7 of 14:           0x3
  .near.noinit       uninit   0x0050c2     0x1  Initial.o [1]
  .near.noinit       uninit   0x0050c3     0x1  spi.o [1]
  .near.noinit       uninit   0x0050c4     0x1  Initial.o [1]
                            - 0x0050c5     0x3

Absolute sections, part 8 of 14:           0x2
  .near.noinit       uninit   0x0050c8     0x1  Initial.o [1]
  .near.noinit       uninit   0x0050c9     0x1  Initial.o [1]
                            - 0x0050ca     0x2

Absolute sections, part 9 of 14:           0x2
  .near.noinit       uninit   0x0050e0     0x1  Initial.o [1]
  .near.noinit       uninit   0x0050e1     0x1  Initial.o [1]
                            - 0x0050e2     0x2

Absolute sections, part 10 of 14:          0x5
  .near.noinit       uninit   0x005200     0x1  spi.o [1]
  .near.noinit       uninit   0x005201     0x1  spi.o [1]
  .near.noinit       uninit   0x005202     0x1  spi.o [1]
  .near.noinit       uninit   0x005203     0x1  spi.o [1]
  .near.noinit       uninit   0x005204     0x1  spi.o [1]
                            - 0x005205     0x5

Absolute sections, part 11 of 14:          0x8
  .near.noinit       uninit   0x005231     0x1  uart.o [1]
  .near.noinit       uninit   0x005232     0x1  uart.o [1]
  .near.noinit       uninit   0x005233     0x1  uart.o [1]
  .near.noinit       uninit   0x005234     0x1  uart.o [1]
  .near.noinit       uninit   0x005235     0x1  uart.o [1]
  .near.noinit       uninit   0x005236     0x1  uart.o [1]
  .near.noinit       uninit   0x005237     0x1  uart.o [1]
  .near.noinit       uninit   0x005238     0x1  uart.o [1]
                            - 0x005239     0x8

Absolute sections, part 12 of 14:          0x1
  .near.noinit       uninit   0x0052e0     0x1  Timer.o [1]
                            - 0x0052e1     0x1

Absolute sections, part 13 of 14:          0x2
  .near.noinit       uninit   0x0052e4     0x1  Timer.o [1]
  .near.noinit       uninit   0x0052e5     0x1  Timer.o [1]
                            - 0x0052e6     0x2

Absolute sections, part 14 of 14:          0x2
  .near.noinit       uninit   0x0052e8     0x1  Timer.o [1]
  .near.noinit       uninit   0x0052e9     0x1  Timer.o [1]
                            - 0x0052ea     0x2

"A3":                                     0x80
  INTVEC                      0x008000    0x80  <Block>
    .intvec          const    0x008000    0x80  interrupt.o [4]
                            - 0x008080    0x80

"P3":                                    0xd0b
  .near.rodata       const    0x008080   0x2cc  ram.o [1]
  .near.rodata       const    0x00834c   0x2a0  lcd.o [1]
  .near.rodata       const    0x0085ec   0x1ef  lcd.o [1]
  Initializer bytes  const    0x0087db   0x195  <for P2-1>
  .near.rodata       const    0x008970   0x168  lcd.o [1]
  .near.rodata       const    0x008ad8   0x120  lcd.o [1]
  .near.rodata       const    0x008bf8   0x118  lcd.o [1]
  .near.rodata       const    0x008d10    0x2c  lcd.o [1]
  .iar.init_table    const    0x008d3c    0x1c  - Linker created -
  .near.rodata       const    0x008d58     0x8  ADF7030_1.o [1]
  .near.rodata       const    0x008d60     0x8  ADF7030_1.o [1]
  .near.rodata       const    0x008d68     0x6  lcd.o [1]
  .near.rodata       const    0x008d6e     0x6  lcd.o [1]
  .near.rodata       const    0x008d74     0x6  lcd.o [1]
  .near.rodata       const    0x008d7a     0x5  ADF7030_1.o [1]
  .near.rodata       const    0x008d7f     0x5  ram.o [1]
  .near.rodata       const    0x008d84     0x4  Initial.o [1]
  .near.rodata       const    0x008d88     0x3  eeprom.o [1]
                            - 0x008d8b   0xd0b

"P4":                                   0x2ce4
  .far_func.text     ro code  0x008d8b   0x7ea  lcd.o [1]
  .far_func.text     ro code  0x009575   0x603  ADF7030_1.o [1]
  .far_func.text     ro code  0x009b78   0x501  ADF7030_1.o [1]
  .far_func.text     ro code  0x00a079   0x315  ADF7030_1.o [1]
  .far_func.text     ro code  0x00a38e   0x1d9  ID_Decode.o [1]
  .far_func.text     ro code  0x00a567   0x19f  long.o [4]
  .far_func.text     ro code  0x00a706   0x195  eeprom.o [1]
  .far_func.text     ro code  0x00a89b   0x137  Initial.o [1]
  .far_func.text     ro code  0x00a9d2   0x12e  vreg_util.o [4]
  .far_func.text     ro code  0x00ab00   0x122  Initial.o [1]
  .far_func.text     ro code  0x00ac22   0x121  Initial.o [1]
  .far_func.text     ro code  0x00ad43   0x120  main.o [1]
  .far_func.text     ro code  0x00ae63   0x10f  ADF7030_1.o [1]
  .far_func.text     ro code  0x00af72    0xc4  rand.o [4]
  .far_func.text     ro code  0x00b036    0x9f  ADF7030_1.o [1]
  .far_func.text     ro code  0x00b0d5    0x95  lcd.o [1]
  .far_func.text     ro code  0x00b16a    0x90  Initial.o [1]
  .far_func.text     ro code  0x00b1fa    0x8c  long_util.o [4]
  .far_func.text     ro code  0x00b286    0x81  ID_Decode.o [1]
  .far_func.text     ro code  0x00b307    0x81  spi.o [1]
  .far_func.text     ro code  0x00b388    0x7e  ADF7030_1.o [1]
  .far_func.text     ro code  0x00b406    0x75  spi.o [1]
  .far_func.text     ro code  0x00b47b    0x58  ADF7030_1.o [1]
  .far_func.text     ro code  0x00b4d3    0x55  ADF7030_1.o [1]
  .far_func.text     ro code  0x00b528    0x51  Timer.o [1]
  .far_func.text     ro code  0x00b579    0x51  uart.o [1]
  .far_func.text     ro code  0x00b5ca    0x4d  ADF7030_1.o [1]
  .far_func.text     ro code  0x00b617    0x49  lcd.o [1]
  .far_func.text     ro code  0x00b660    0x40  srand.o [4]
  .far_func.text     ro code  0x00b6a0    0x3a  lcd.o [1]
  .far_func.text     ro code  0x00b6da    0x3a  lcd.o [1]
  .far_func.text     ro code  0x00b714    0x38  ADF7030_1.o [1]
  .far_func.text     ro code  0x00b74c    0x34  ADF7030_1.o [1]
  .far_func.text     ro code  0x00b780    0x2e  Initial.o [1]
  .far_func.text     ro code  0x00b7ae    0x2e  short.o [4]
  .far_func.text     ro code  0x00b7dc    0x2c  dc_util.o [4]
  .far_func.text     ro code  0x00b808    0x28  init_small.o [4]
  .far_func.text     ro code  0x00b830    0x26  rand.o [4]
  .far_func.text     ro code  0x00b856    0x1e  init.o [4]
  .far_func.text     ro code  0x00b874    0x1e  init_small.o [4]
  .far_func.text     ro code  0x00b892    0x1d  uart.o [1]
  .far_func.text     ro code  0x00b8af    0x1c  far_util.o [4]
  .far_func.text     ro code  0x00b8cb    0x1b  lcd.o [1]
  .far_func.text     ro code  0x00b8e6    0x1b  spi.o [1]
  .far_func.text     ro code  0x00b901    0x1b  stm8l15x_it.o [1]
  .far_func.text     ro code  0x00b91c    0x1b  stm8l15x_it.o [1]
  .far_func.text     ro code  0x00b937    0x1b  stm8l15x_it.o [1]
  .far_func.text     ro code  0x00b952    0x18  time.o [4]
  .far_func.text     ro code  0x00b96a    0x17  cstartup.o [4]
  .far_func.text     ro code  0x00b981    0x16  __dbg_xxexit.o [3]
  .far_func.text     ro code  0x00b997    0x14  Initial.o [1]
  .far_func.text     ro code  0x00b9ab    0x11  eeprom.o [1]
  .far_func.text     ro code  0x00b9bc    0x11  Initial.o [1]
  .far_func.text     ro code  0x00b9cd    0x11  Timer.o [1]
  .far_func.text     ro code  0x00b9de     0xd  move.o [4]
  .far_func.text     ro code  0x00b9eb     0xc  srand.o [4]
  .far_func.text     ro code  0x00b9f7     0xb  rand.o [4]
  .far_func.text     ro code  0x00ba02     0xa  rand.o [4]
  .far_func.text     ro code  0x00ba0c     0xa  far.o [4]
  .far_func.text     ro code  0x00ba16     0x9  ram.o [1]
  .far_func.text     ro code  0x00ba1f     0x8  rand.o [4]
  .far_func.text     ro code  0x00ba27     0x6  spi.o [1]
  .far_func.text     ro code  0x00ba2d     0x6  char.o [4]
  .far_func.text     ro code  0x00ba33     0x6  cexit.o [4]
  .far_func.text     ro code  0x00ba39     0x5  eeprom.o [1]
  .far_func.text     ro code  0x00ba3e     0x5  Initial.o [1]
  .far_func.text     ro code  0x00ba43     0x4  interrupt.o [4]
  .far_func.text     ro code  0x00ba47     0x4  exit.o [4]
  .far_func.text     ro code  0x00ba4b     0x3  low_level_init.o [4]
  .far_func.text     ro code  0x00ba4e     0x3  unhandled_exception.o [4]
  .far_func.text     ro code  0x00ba51     0x1  ID_Decode.o [1]
  .far_func.text     ro code  0x00ba52     0x1  Initial.o [1]
  .far_func.text     ro code  0x00ba53     0x1  stm8l15x_it.o [1]
  .far_func.text     ro code  0x00ba54     0x1  stm8l15x_it.o [1]
  .far_func.text     ro code  0x00ba55     0x1  stm8l15x_it.o [1]
  .far_func.text     ro code  0x00ba56     0x1  stm8l15x_it.o [1]
  .far_func.text     ro code  0x00ba57     0x1  stm8l15x_it.o [1]
  .far_func.text     ro code  0x00ba58     0x1  stm8l15x_it.o [1]
  .far_func.text     ro code  0x00ba59     0x1  stm8l15x_it.o [1]
  .far_func.text     ro code  0x00ba5a     0x1  stm8l15x_it.o [1]
  .far_func.text     ro code  0x00ba5b     0x1  stm8l15x_it.o [1]
  .far_func.text     ro code  0x00ba5c     0x1  stm8l15x_it.o [1]
  .far_func.text     ro code  0x00ba5d     0x1  stm8l15x_it.o [1]
  .far_func.text     ro code  0x00ba5e     0x1  stm8l15x_it.o [1]
  .far_func.text     ro code  0x00ba5f     0x1  stm8l15x_it.o [1]
  .far_func.text     ro code  0x00ba60     0x1  stm8l15x_it.o [1]
  .far_func.text     ro code  0x00ba61     0x1  stm8l15x_it.o [1]
  .far_func.text     ro code  0x00ba62     0x1  stm8l15x_it.o [1]
  .far_func.text     ro code  0x00ba63     0x1  stm8l15x_it.o [1]
  .far_func.text     ro code  0x00ba64     0x1  stm8l15x_it.o [1]
  .far_func.text     ro code  0x00ba65     0x1  stm8l15x_it.o [1]
  .far_func.text     ro code  0x00ba66     0x1  stm8l15x_it.o [1]
  .far_func.text     ro code  0x00ba67     0x1  stm8l15x_it.o [1]
  .far_func.text     ro code  0x00ba68     0x1  stm8l15x_it.o [1]
  .far_func.text     ro code  0x00ba69     0x1  stm8l15x_it.o [1]
  .far_func.text     ro code  0x00ba6a     0x1  stm8l15x_it.o [1]
  .far_func.text     ro code  0x00ba6b     0x1  stm8l15x_it.o [1]
  .far_func.text     ro code  0x00ba6c     0x1  stm8l15x_it.o [1]
  .far_func.text     ro code  0x00ba6d     0x1  stm8l15x_it.o [1]
  .far_func.text     ro code  0x00ba6e     0x1  __dbg_break.o [3]
                            - 0x00ba6f  0x2ce4


*******************************************************************************
*** INIT TABLE
***

          Address   Size
          -------   ----
Zero (__iar_zero_init2)
    3 destination ranges, total size 0x520:
          0x000010  0x400
          0x000410   0x80
          0x000490   0xa0

Copy (__iar_copy_init2)
    1 source range, total size 0x195:
          0x0087db  0x195
    1 destination range, total size 0x195:
          0x000530  0x195



*******************************************************************************
*** MODULE SUMMARY
***

    Module                 ro code  ro data  rw data  rw data
                                                       (abs)
    ------                 -------  -------  -------  -------
D:\MyCloud\Working\ADF7030-1 程序\ADF7030-1 STM8  RSSI display\Debug\Obj: [1]
    ADF7030_1.o              4 523      323      390
    ID_Decode.o                603                 4        2
    Initial.o                1 123        5        8       20
    Timer.o                     98        8        8        5
    eeprom.o                   427        3                 3
    lcd.o                    2 391    2 157                 1
    main.o                     288                 3        2
    ram.o                        9      811    1 155
    spi.o                      279                         10
    stm8l15x_it.o              108
    uart.o                     110                          8
    ---------------------------------------------------------
    Total:                   9 959    3 307    1 568       51

command line: [2]
    ---------------------------------------------------------
    Total:

dbgstm8mmd.a: [3]
    __dbg_break.o                1
    __dbg_xxexit.o              22
    ---------------------------------------------------------
    Total:                      23

dlstm8mmn.a: [4]
    cexit.o                      6
    char.o                       6
    cstartup.o                  23
    dc_util.o                   44
    exit.o                       4
    far.o                       10
    far_util.o                  28
    init.o                      30
    init_small.o                70
    interrupt.o                  4      128
    long.o                     415
    long_util.o                140
    low_level_init.o             3
    move.o                      13
    rand.o                     263        4      149
    short.o                     46
    srand.o                     76
    time.o                      24
    unhandled_exception.o        3
    vreg_util.o                302
    vregs.o                                       16
    ---------------------------------------------------------
    Total:                   1 510      132      165

    Linker created                       28      256
-------------------------------------------------------------
    Grand Total:            11 492    3 467    1 989       51


*******************************************************************************
*** ENTRY LIST
***

Entry                    Address   Size  Type      Object
-----                    -------   ----  ----      ------
.iar.init_table$$Base   0x008d3c          --   Gb  - Linker created -
.iar.init_table$$Limit  0x008d58          --   Gb  - Linker created -
?add32_l0_l0_0x         0x00a56a         Code  Gb  long.o [4]
?add32_l0_l0_l1         0x00a567         Code  Gb  long.o [4]
?and32_l0_l0_0x         0x00a68e         Code  Gb  long.o [4]
?and32_l0_l0_l1         0x00a68b         Code  Gb  long.o [4]
?b0                     0x000000         Data  Gb  vregs.o [4]
?b1                     0x000001         Data  Gb  vregs.o [4]
?b10                    0x00000a         Data  Gb  vregs.o [4]
?b11                    0x00000b         Data  Gb  vregs.o [4]
?b12                    0x00000c         Data  Gb  vregs.o [4]
?b13                    0x00000d         Data  Gb  vregs.o [4]
?b14                    0x00000e         Data  Gb  vregs.o [4]
?b15                    0x00000f         Data  Gb  vregs.o [4]
?b2                     0x000002         Data  Gb  vregs.o [4]
?b3                     0x000003         Data  Gb  vregs.o [4]
?b4                     0x000004         Data  Gb  vregs.o [4]
?b5                     0x000005         Data  Gb  vregs.o [4]
?b6                     0x000006         Data  Gb  vregs.o [4]
?b7                     0x000007         Data  Gb  vregs.o [4]
?b8                     0x000008         Data  Gb  vregs.o [4]
?b9                     0x000009         Data  Gb  vregs.o [4]
?dc32_l1                0x00b7dc         Code  Gb  dc_util.o [4]
?e0                     0x000001         Data  Gb  vregs.o [4]
?e1                     0x000005         Data  Gb  vregs.o [4]
?e2                     0x000009         Data  Gb  vregs.o [4]
?e3                     0x00000d         Data  Gb  vregs.o [4]
?epilogue_l2            0x00aa7e         Code  Gb  vreg_util.o [4]
?epilogue_l2_l3         0x00aa7a         Code  Gb  vreg_util.o [4]
?epilogue_l2_w6         0x00aa83         Code  Gb  vreg_util.o [4]
?epilogue_w4            0x00aa8c         Code  Gb  vreg_util.o [4]
?l0                     0x000000         Data  Gb  vregs.o [4]
?l1                     0x000004         Data  Gb  vregs.o [4]
?l2                     0x000008         Data  Gb  vregs.o [4]
?l3                     0x00000c         Data  Gb  vregs.o [4]
?load24_e0_0x           0x00b8af         Code  Gb  far_util.o [4]
?load24_e1_0x           0x00b8bd         Code  Gb  far_util.o [4]
?load32_0x_l0           0x00b25c         Code  Gb  long_util.o [4]
?load32_0x_l1           0x00b26a         Code  Gb  long_util.o [4]
?load32_0x_l2           0x00b278         Code  Gb  long_util.o [4]
?load32_l0_0x           0x00b214         Code  Gb  long_util.o [4]
?load32_l0_asp          0x00b208         Code  Gb  long_util.o [4]
?load32_l0_dbsp         0x00b1fa         Code  Gb  long_util.o [4]
?load32_l0_xsp          0x00b20a         Code  Gb  long_util.o [4]
?load32_l1_0x           0x00b23a         Code  Gb  long_util.o [4]
?load32_l1_asp          0x00b22e         Code  Gb  long_util.o [4]
?load32_l1_dbsp         0x00b220         Code  Gb  long_util.o [4]
?load32_l1_xsp          0x00b230         Code  Gb  long_util.o [4]
?load32_l2_0x           0x00b246         Code  Gb  long_util.o [4]
?load32_xsp_l0          0x00b252         Code  Gb  long_util.o [4]
?mov_e0_e1              0x00aa9b         Code  Gb  vreg_util.o [4]
?mov_e0_e2              0x00aaa8         Code  Gb  vreg_util.o [4]
?mov_e0_e3              0x00aab5         Code  Gb  vreg_util.o [4]
?mov_e1_e0              0x00aac2         Code  Gb  vreg_util.o [4]
?mov_e1_e2              0x00aacf         Code  Gb  vreg_util.o [4]
?mov_e1_e3              0x00aadc         Code  Gb  vreg_util.o [4]
?mov_e2_e0              0x00aae9         Code  Gb  vreg_util.o [4]
?mov_e3_e0              0x00aaf6         Code  Gb  vreg_util.o [4]
?mov_l0_l1              0x00aa98         Code  Gb  vreg_util.o [4]
?mov_l0_l2              0x00aaa5         Code  Gb  vreg_util.o [4]
?mov_l0_l3              0x00aab2         Code  Gb  vreg_util.o [4]
?mov_l1_l0              0x00aabf         Code  Gb  vreg_util.o [4]
?mov_l1_l2              0x00aacc         Code  Gb  vreg_util.o [4]
?mov_l1_l3              0x00aad9         Code  Gb  vreg_util.o [4]
?mov_l2_l0              0x00aae6         Code  Gb  vreg_util.o [4]
?mov_l3_l0              0x00aaf3         Code  Gb  vreg_util.o [4]
?mov_w1_w3              0x00aa9e         Code  Gb  vreg_util.o [4]
?mov_w1_w5              0x00aaab         Code  Gb  vreg_util.o [4]
?mov_w1_w7              0x00aab8         Code  Gb  vreg_util.o [4]
?mov_w3_w1              0x00aac5         Code  Gb  vreg_util.o [4]
?mov_w3_w5              0x00aad2         Code  Gb  vreg_util.o [4]
?mov_w3_w7              0x00aadf         Code  Gb  vreg_util.o [4]
?mov_w4_w0              0x00aa91         Code  Gb  vreg_util.o [4]
?mov_w5_w1              0x00aaec         Code  Gb  vreg_util.o [4]
?mov_w7_w1              0x00aaf9         Code  Gb  vreg_util.o [4]
?move1616_v_x_y_a       0x00b9de         Code  Gb  move.o [4]
?mul16_x_x_w0           0x00b7ae         Code  Gb  short.o [4]
?mul32_l0_l0_0x         0x00a582         Code  Gb  long.o [4]
?mul32_l0_l0_l1         0x00a58b         Code  Gb  long.o [4]
?or32_l0_l0_0x          0x00a6a9         Code  Gb  long.o [4]
?or32_l0_l0_l1          0x00a6a6         Code  Gb  long.o [4]
?pop_l0                 0x00aa42         Code  Gb  vreg_util.o [4]
?pop_l1                 0x00aa4d         Code  Gb  vreg_util.o [4]
?pop_l2                 0x00aa58         Code  Gb  vreg_util.o [4]
?pop_l3                 0x00aa63         Code  Gb  vreg_util.o [4]
?pop_w4                 0x00a9f3         Code  Gb  vreg_util.o [4]
?pop_w6                 0x00a9fa         Code  Gb  vreg_util.o [4]
?push_l0                0x00aa0d         Code  Gb  vreg_util.o [4]
?push_l1                0x00aa12         Code  Gb  vreg_util.o [4]
?push_l2                0x00aa17         Code  Gb  vreg_util.o [4]
?push_l3                0x00aa1c         Code  Gb  vreg_util.o [4]
?push_w4                0x00a9d2         Code  Gb  vreg_util.o [4]
?push_w6                0x00a9d7         Code  Gb  vreg_util.o [4]
?sext32_l0_x            0x00a6fb         Code  Gb  long.o [4]
?sll16_x_x_a            0x00b7cc         Code  Gb  short.o [4]
?sll32_0x_0x_a          0x00a6dc         Code  Gb  long.o [4]
?sll32_l0_l0_a          0x00a6d9         Code  Gb  long.o [4]
?srl16_x_x_a            0x00b7d4         Code  Gb  short.o [4]
?srl32_0x_0x_a          0x00a6ed         Code  Gb  long.o [4]
?srl32_l0_l0_a          0x00a6ea         Code  Gb  long.o [4]
?srl8_a_a_5             0x00ba2e         Code  Gb  char.o [4]
?srl8_a_a_6             0x00ba2d         Code  Gb  char.o [4]
?ucmp24_c_0x_e0         0x00ba0c         Code  Gb  far.o [4]
?ucmp32_c_l0_l1         0x00a680         Code  Gb  long.o [4]
?udiv32_l0_l0_dl        0x00a60f         Code  Gb  long.o [4]
?udiv32_l0_l0_l1        0x00a613         Code  Gb  long.o [4]
?umod32_l1_l0_dl        0x00a609         Code  Gb  long.o [4]
?umod32_l1_l0_l1        0x00a613         Code  Gb  long.o [4]
?w0                     0x000000         Data  Gb  vregs.o [4]
?w1                     0x000002         Data  Gb  vregs.o [4]
?w2                     0x000004         Data  Gb  vregs.o [4]
?w3                     0x000006         Data  Gb  vregs.o [4]
?w4                     0x000008         Data  Gb  vregs.o [4]
?w5                     0x00000a         Data  Gb  vregs.o [4]
?w6                     0x00000c         Data  Gb  vregs.o [4]
?w7                     0x00000e         Data  Gb  vregs.o [4]
?xor32_l0_l0_0x         0x00a6c1         Code  Gb  long.o [4]
ADC1_COMP_IRQHandler    0x00ba64    0x1  Code  Gb  stm8l15x_it.o [1]
ADF7030Cfg              0x008080  0x2cc  Data  Gb  ram.o [1]
ADF7030Init             0x00b47b   0x58  Code  Gb  ADF7030_1.o [1]
ADF7030_ACC_FROM_POWEROFF
                        0x00a079   0xd2  Code  Gb  ADF7030_1.o [1]
ADF7030_CHANGE_STATE    0x0098c1   0x1a  Code  Gb  ADF7030_1.o [1]
ADF7030_FIXED_DATA      0x009662   0x20  Code  Gb  ADF7030_1.o [1]
ADF7030_GET_FW_STATE    0x00b714   0x38  Code  Gb  ADF7030_1.o [1]
ADF7030_GET_MISC_FW     0x00b74c   0x34  Code  Gb  ADF7030_1.o [1]
ADF7030_GPIO_INIT       0x00ac22   0x3d  Code  Gb  Initial.o [1]
ADF7030_READ_REGISTER_NOPOINTER_LONGADDR
                        0x00b036   0x9f  Code  Gb  ADF7030_1.o [1]
ADF7030_RECEIVING_FROM_POWEROFF
                        0x0098f3   0xbc  Code  Gb  ADF7030_1.o [1]
ADF7030_RESIGER_VALUE_READ
                        0x0004f0    0x4  Data  Gb  ADF7030_1.o [1]
ADF7030_Read_OneByte    0x00051a    0x1  Data  Gb  ADF7030_1.o [1]
ADF7030_TRANSMITTING_FROM_POWEROFF
                        0x00ae63  0x10f  Code  Gb  ADF7030_1.o [1]
ADF7030_WRITE_REGISTER_NOPOINTER_LONGADDR
                        0x00b388   0x7e  Code  Gb  ADF7030_1.o [1]
ADF7030_WRITE_REGISTER_NOPOINTER_LONGADDR_CFGFILE_MSB
                        0x0099af   0xb3  Code  Gb  ADF7030_1.o [1]
ADF7030_WRITE_REGISTER_NOPOINTER_LONGADDR_MSB
                        0x0096b1   0x44  Code  Gb  ADF7030_1.o [1]
ADF7030_WRITE_REGISTER_NOPOINTER_LONGADDR_OFFSET_MSB
                        0x0096f5  0x1cc  Code  Gb  ADF7030_1.o [1]
ADF7030_WRITING_PROFILE_FROM_POWERON
                        0x009a62  0x116  Code  Gb  ADF7030_1.o [1]
BREState                0x00051e    0x1  Data  Gb  ADF7030_1.o [1]
CCA_READBACK_Cache      0x0004f4    0x4  Data  Gb  ADF7030_1.o [1]
CFG_SIZE                0x00ba16    0x9  Code  Gb  ram.o [1]
CG2214M6_GPIO_Init      0x00acc0   0x19  Code  Gb  Initial.o [1]
CLK_SWR                 0x0050c8    0x1  Data  Gb  Initial.o [1]
CONFIGURING_THE_POINTERS_FOR_POINTER_BASED_ACCESSES
                        0x009589   0xd9  Code  Gb  ADF7030_1.o [1]
CONST_TXPACKET_DATA_20000AF0
                        0x000661    0xc  Data  Gb  ram.o [1]
CSTACK$$Base            0x000700          --   Gb  - Linker created -
CSTACK$$Limit           0x000800          --   Gb  - Linker created -
ClearWDT                0x00ba3e    0x5  Code  Gb  Initial.o [1]
Count_key_SW3           0x00052e    0x1  Data  Gb  ram.o [1]
DATA_Packet_Contro_buf  0x00051d    0x1  Data  Gb  ADF7030_1.o [1]
DATA_Packet_ID          0x0004f8    0x4  Data  Gb  ADF7030_1.o [1]
DELAY_30U               0x009575   0x14  Code  Gb  ADF7030_1.o [1]
DMA1_CHANNEL0_1_IRQHandler
                        0x00ba55    0x1  Code  Gb  stm8l15x_it.o [1]
DMA1_CHANNEL2_3_IRQHandler
                        0x00ba56    0x1  Code  Gb  stm8l15x_it.o [1]
DataReceive             0x00b286   0x81  Code  Gb  ID_Decode.o [1]
Delayus                 0x00b997   0x14  Code  Gb  Initial.o [1]
Display_key_SW3         0x00065f    0x1  Data  Gb  ram.o [1]
EXIT_init               0x00ba51    0x1  Code  Gb  ID_Decode.o [1]
EXTI0_IRQHandler        0x00ba5b    0x1  Code  Gb  stm8l15x_it.o [1]
EXTI1_IRQHandler        0x00ba5c    0x1  Code  Gb  stm8l15x_it.o [1]
EXTI2_IRQHandler        0x00ba5d    0x1  Code  Gb  stm8l15x_it.o [1]
EXTI3_IRQHandler        0x00ba5e    0x1  Code  Gb  stm8l15x_it.o [1]
EXTI4_IRQHandler        0x00b901   0x1b  Code  Gb  stm8l15x_it.o [1]
EXTI5_IRQHandler        0x00ba5f    0x1  Code  Gb  stm8l15x_it.o [1]
EXTI6_IRQHandler        0x00ba60    0x1  Code  Gb  stm8l15x_it.o [1]
EXTI7_IRQHandler        0x00ba61    0x1  Code  Gb  stm8l15x_it.o [1]
EXTIB_G_IRQHandler      0x00ba59    0x1  Code  Gb  stm8l15x_it.o [1]
EXTID_H_IRQHandler      0x00ba5a    0x1  Code  Gb  stm8l15x_it.o [1]
EXTIE_F_PVD_IRQHandler  0x00ba58    0x1  Code  Gb  stm8l15x_it.o [1]
ErrStateTimeer          0x0006bd    0x2  Data  Gb  Timer.o [1]
FLAG0                   0x000524    0x1  Data  Gb  ID_Decode.o [1]
FLAG_SW10               0x00052b    0x1  Data  Gb  main.o [1]
FLAG_test1              0x00052c    0x1  Data  Gb  ram.o [1]
FLASH_IRQHandler        0x00ba54    0x1  Code  Gb  stm8l15x_it.o [1]
FilterChar              0x000530    0x2  Data  Gb  ADF7030_1.o [1]
FlagLCDUpdate           0x000660    0x1  Data  Gb  ram.o [1]
GENERIC_PKT_TEST_MODES0_32bit_20000548
                        0x0004fc    0x4  Data  Gb  ram.o [1]
GET_STATUE_BYTE         0x009682   0x2f  Code  Gb  ADF7030_1.o [1]
Head_0x5515_or_0x5456   0x000510    0x2  Data  Gb  ADF7030_1.o [1]
I2C1_SPI2_IRQHandler    0x00ba6d    0x1  Code  Gb  stm8l15x_it.o [1]
ID_DATA_PCS             0x000518    0x2  Data  Gb  ram.o [1]
ID_Receiver_DATA        0x000010  0x400  Data  Gb  ram.o [1]
INTVEC$$Base            0x008000          --   Gb  - Linker created -
INTVEC$$Limit           0x008080          --   Gb  - Linker created -
InitialFlashReg         0x00b9ab   0x11  Code  Gb  eeprom.o [1]
KEY_COUNT               0x000516    0x2  Data  Gb  main.o [1]
KEY_GPIO_Init           0x00acd9   0x25  Code  Gb  Initial.o [1]
KEY_SCAN                0x00b16a   0x90  Code  Gb  Initial.o [1]
LCDTestDisplay          0x008e77  0x37c  Code  Gb  lcd.o [1]
LCD_AES_IRQHandler      0x00ba62    0x1  Code  Gb  stm8l15x_it.o [1]
LCD_GPIO_Init           0x00ac5f   0x61  Code  Gb  Initial.o [1]
LEDCtr                  0x00ab00  0x122  Code  Gb  Initial.o [1]
LED_GPIO_Init           0x00acfe   0x19  Code  Gb  Initial.o [1]
LedREDTimer             0x0006b9    0x2  Data  Gb  Timer.o [1]
LedYELLOWTimer          0x0006bb    0x2  Data  Gb  Timer.o [1]
Memory_Read_Block_Pointer_Long_Address
                        0x00b4d3   0x55  Code  Gb  ADF7030_1.o [1]
Memory_Write_Block_Pointer_Short_Address
                        0x00b5ca   0x4d  Code  Gb  ADF7030_1.o [1]
PA_POWER_OUT            0x000671   0x48  Data  Gb  ram.o [1]
RADIO_DIG_TX_CFG0_32bit_20000304
                        0x00066d    0x4  Data  Gb  ram.o [1]
RAM_clean               0x00ba52    0x1  Code  Gb  Initial.o [1]
RF_BRE_Check            0x00a89b  0x137  Code  Gb  Initial.o [1]
RTC_CSSLSE_IRQHandler   0x00ba57    0x1  Code  Gb  stm8l15x_it.o [1]
RX_ANALYSIS             0x00a14b    0x5  Code  Gb  ADF7030_1.o [1]
RX_COUNT                0x00051b    0x1  Data  Gb  ADF7030_1.o [1]
Radio_State             0x00051c    0x1  Data  Gb  ADF7030_1.o [1]
ReadByteEEPROM          0x00ba39    0x5  Code  Gb  eeprom.o [1]
RedLedFalg              0x000529    0x1  Data  Gb  Initial.o [1]
Region$$Table$$Base     0x008d3c          --   Gb  - Linker created -
Region$$Table$$Limit    0x008d58          --   Gb  - Linker created -
SCAN_RECEIVE_PACKET     0x00a150   0x81  Code  Gb  ADF7030_1.o [1]
SIO_DATA                0x0004e0   0x10  Data  Gb  ram.o [1]
SIO_buff                0x0004d0   0x10  Data  Gb  ram.o [1]
SIO_cnt                 0x00052d    0x1  Data  Gb  ram.o [1]
SPI1_DR                 0x005204    0x1  Data  Gb  spi.o [1]
SPI1_IRQHandler         0x00ba6b    0x1  Code  Gb  stm8l15x_it.o [1]
SPI_RECEIVE_BUFF        0x000490   0x28  Data  Gb  ADF7030_1.o [1]
SPI_Receive_DataForC    0x0004b8   0x18  Data  Gb  ADF7030_1.o [1]
SPI_SEND_BUFF           0x000532  0x12c  Data  Gb  ADF7030_1.o [1]
SPI_SendByte            0x00b8e6   0x1b  Code  Gb  spi.o [1]
SPI_SendString          0x00b307   0x81  Code  Gb  spi.o [1]
SPI_conf                0x00b406   0x75  Code  Gb  spi.o [1]
SWITCH_CSS_BREAK_DAC_IRQHandler
                        0x00ba63    0x1  Code  Gb  stm8l15x_it.o [1]
Signal_DATA_Decode      0x00a38e  0x1d9  Code  Gb  ID_Decode.o [1]
StateReadTimer          0x0006bf    0x2  Data  Gb  Timer.o [1]
SysClock_Init           0x00b780   0x2e  Code  Gb  Initial.o [1]
TEST_MODES0_para        0x008d7f    0x5  Data  Gb  ram.o [1]
TIM1_CC_IRQHandler      0x00ba6a    0x1  Code  Gb  stm8l15x_it.o [1]
TIM1_UPD_OVF_TRG_COM_IRQHandler
                        0x00ba69    0x1  Code  Gb  stm8l15x_it.o [1]
TIM2_CC_USART2_RX_IRQHandler
                        0x00ba66    0x1  Code  Gb  stm8l15x_it.o [1]
TIM2_UPD_OVF_TRG_BRK_USART2_TX_IRQHandler
                        0x00ba65    0x1  Code  Gb  stm8l15x_it.o [1]
TIM3_CC_USART3_RX_IRQHandler
                        0x00ba68    0x1  Code  Gb  stm8l15x_it.o [1]
TIM3_UPD_OVF_TRG_BRK_USART3_TX_IRQHandler
                        0x00ba67    0x1  Code  Gb  stm8l15x_it.o [1]
TIM4_Init               0x00b9cd   0x11  Code  Gb  Timer.o [1]
TIM4_UPD_OVF            0x00b528   0x51  Code  Gb  Timer.o [1]
TIM4_UPD_OVF_TRG_IRQHandler
                        0x00b91c   0x1b  Code  Gb  stm8l15x_it.o [1]
TRAP_IRQHandler         0x00ba53    0x1  Code  Gb  stm8l15x_it.o [1]
TX_DataLoad             0x00a1d1  0x1bd  Code  Gb  ADF7030_1.o [1]
TestFunV2               0x009b78  0x501  Code  Gb  ADF7030_1.o [1]
UART1_INIT              0x00b892   0x1d  Code  Gb  uart.o [1]
UART1_RX_RXNE           0x00b579   0x51  Code  Gb  uart.o [1]
USART1_DR               0x005231    0x1  Data  Gb  uart.o [1]
USART1_RX_TIM5_CC_IRQHandler
                        0x00b937   0x1b  Code  Gb  stm8l15x_it.o [1]
USART1_TX_TIM5_UPD_OVF_TRG_BRK_IRQHandler
                        0x00ba6c    0x1  Code  Gb  stm8l15x_it.o [1]
VHF_GPIO_INIT           0x00ad17   0x2c  Code  Gb  Initial.o [1]
WAIT_SPI_IDEL           0x00ba27    0x6  Code  Gb  spi.o [1]
WDT_init                0x00b9bc   0x11  Code  Gb  Initial.o [1]
WaitForADF7030_FIXED_DATA
                        0x0098db   0x18  Code  Gb  ADF7030_1.o [1]
X_COUNT                 0x000512    0x2  Data  Gb  Initial.o [1]
X_ERR                   0x000514    0x2  Data  Gb  Initial.o [1]
YellowLedFlag           0x000528    0x1  Data  Gb  Initial.o [1]
_A_CLK_CKDIVR           0x0050c0    0x1  Data  Gb  Initial.o [1]
_A_CLK_ICKCR            0x0050c2    0x1  Data  Gb  Initial.o [1]
_A_CLK_PCKENR1          0x0050c3    0x1  Data  Gb  spi.o [1]
_A_CLK_PCKENR2          0x0050c4    0x1  Data  Gb  Initial.o [1]
_A_CLK_SWCR             0x0050c9    0x1  Data  Gb  Initial.o [1]
_A_EXTI_CR2             0x0050a1    0x1  Data  Gb  Initial.o [1]
_A_EXTI_SR1             0x0050a3    0x1  Data  Gb  ID_Decode.o [1]
_A_FLASH_CR1            0x005050    0x1  Data  Gb  eeprom.o [1]
_A_FLASH_CR2            0x005051    0x1  Data  Gb  eeprom.o [1]
_A_FLASH_IAPSR          0x005054    0x1  Data  Gb  eeprom.o [1]
_A_IWDG_KR              0x0050e0    0x1  Data  Gb  Initial.o [1]
_A_IWDG_PR              0x0050e1    0x1  Data  Gb  Initial.o [1]
_A_PA_CR1               0x005003    0x1  Data  Gb  Initial.o [1]
_A_PA_CR2               0x005004    0x1  Data  Gb  Initial.o [1]
_A_PA_DDR               0x005002    0x1  Data  Gb  Initial.o [1]
_A_PA_IDR               0x005001    0x1  Data  Gb  Initial.o [1]
_A_PA_ODR               0x005000    0x1  Data  Gb  Initial.o [1]
_A_PB_CR1               0x005008    0x1  Data  Gb  spi.o [1]
_A_PB_CR2               0x005009    0x1  Data  Gb  spi.o [1]
_A_PB_DDR               0x005007    0x1  Data  Gb  spi.o [1]
_A_PB_IDR               0x005006    0x1  Data  Gb  main.o [1]
_A_PB_ODR               0x005005    0x1  Data  Gb  spi.o [1]
_A_PC_CR1               0x00500d    0x1  Data  Gb  Initial.o [1]
_A_PC_CR2               0x00500e    0x1  Data  Gb  Initial.o [1]
_A_PC_DDR               0x00500c    0x1  Data  Gb  Initial.o [1]
_A_PC_IDR               0x00500b    0x1  Data  Gb  ID_Decode.o [1]
_A_PC_ODR               0x00500a    0x1  Data  Gb  main.o [1]
_A_PD_CR1               0x005012    0x1  Data  Gb  Initial.o [1]
_A_PD_CR2               0x005013    0x1  Data  Gb  Initial.o [1]
_A_PD_DDR               0x005011    0x1  Data  Gb  Initial.o [1]
_A_PD_IDR               0x005010    0x1  Data  Gb  Initial.o [1]
_A_PD_ODR               0x00500f    0x1  Data  Gb  lcd.o [1]
_A_SPI1_CR1             0x005200    0x1  Data  Gb  spi.o [1]
_A_SPI1_CR2             0x005201    0x1  Data  Gb  spi.o [1]
_A_SPI1_ICR             0x005202    0x1  Data  Gb  spi.o [1]
_A_SPI1_SR              0x005203    0x1  Data  Gb  spi.o [1]
_A_TIM4_ARR             0x0052e9    0x1  Data  Gb  Timer.o [1]
_A_TIM4_CR1             0x0052e0    0x1  Data  Gb  Timer.o [1]
_A_TIM4_IER             0x0052e4    0x1  Data  Gb  Timer.o [1]
_A_TIM4_PSCR            0x0052e8    0x1  Data  Gb  Timer.o [1]
_A_TIM4_SR1             0x0052e5    0x1  Data  Gb  Timer.o [1]
_A_USART1_BRR1          0x005232    0x1  Data  Gb  uart.o [1]
_A_USART1_BRR2          0x005233    0x1  Data  Gb  uart.o [1]
_A_USART1_CR1           0x005234    0x1  Data  Gb  uart.o [1]
_A_USART1_CR2           0x005235    0x1  Data  Gb  uart.o [1]
_A_USART1_CR3           0x005236    0x1  Data  Gb  uart.o [1]
_A_USART1_CR4           0x005237    0x1  Data  Gb  uart.o [1]
_A_USART1_CR5           0x005238    0x1  Data  Gb  uart.o [1]
_Rand_idx               0x000500    0x4  Data  Lc  rand.o [4]
_Rand_rv                0x000410   0x80  Data  Lc  rand.o [4]
_Randinit               0x00052f    0x1  Data  Gb  rand.o [4]
_Randseed               0x0006c1    0x4  Data  Gb  rand.o [4]
__DebugBreak            0x00ba6e    0x1  Code  Gb  __dbg_break.o [3]
__exit                  0x00b981   0x16  Code  Gb  __dbg_xxexit.o [3]
__iar_Tls_setup__Rand_idx
                        0x00050a    0x3  Data  Lc  rand.o [4]
__iar_Tls_setup__Rand_rv
                        0x00050d    0x3  Data  Lc  rand.o [4]
__iar_Tls_setup__Randinit
                        0x000504    0x3  Data  Gb  rand.o [4]
__iar_Tls_setup__Randseed
                        0x000507    0x3  Data  Gb  rand.o [4]
__iar_copy_init2        0x00b808         Code  Gb  init_small.o [4]
__iar_data_init2        0x00b856   0x1e  Code  Gb  init.o [4]
__iar_program_start     0x00b96a         Code  Gb  cstartup.o [4]
__iar_unhandled_exception
                        0x00ba4e         Code  Gb  unhandled_exception.o [4]
__iar_zero_init2        0x00b874         Code  Gb  init_small.o [4]
__intvec                0x008000         Data  Gb  interrupt.o [4]
__low_level_init        0x00ba4b    0x3  Code  Gb  low_level_init.o [4]
__time32                0x00b952   0x18  Code  Gb  time.o [4]
_exit                   0x00ba33         Code  Gb  cexit.o [4]
_interrupt_1            0x00ba53         Code  Gb  stm8l15x_it.o [1]
_interrupt_10           0x00ba5b         Code  Gb  stm8l15x_it.o [1]
_interrupt_11           0x00ba5c         Code  Gb  stm8l15x_it.o [1]
_interrupt_12           0x00ba5d         Code  Gb  stm8l15x_it.o [1]
_interrupt_13           0x00ba5e         Code  Gb  stm8l15x_it.o [1]
_interrupt_14           0x00b901         Code  Gb  stm8l15x_it.o [1]
_interrupt_15           0x00ba5f         Code  Gb  stm8l15x_it.o [1]
_interrupt_16           0x00ba60         Code  Gb  stm8l15x_it.o [1]
_interrupt_17           0x00ba61         Code  Gb  stm8l15x_it.o [1]
_interrupt_18           0x00ba62         Code  Gb  stm8l15x_it.o [1]
_interrupt_19           0x00ba63         Code  Gb  stm8l15x_it.o [1]
_interrupt_20           0x00ba64         Code  Gb  stm8l15x_it.o [1]
_interrupt_21           0x00ba65         Code  Gb  stm8l15x_it.o [1]
_interrupt_22           0x00ba66         Code  Gb  stm8l15x_it.o [1]
_interrupt_23           0x00ba67         Code  Gb  stm8l15x_it.o [1]
_interrupt_24           0x00ba68         Code  Gb  stm8l15x_it.o [1]
_interrupt_25           0x00ba69         Code  Gb  stm8l15x_it.o [1]
_interrupt_26           0x00ba6a         Code  Gb  stm8l15x_it.o [1]
_interrupt_27           0x00b91c         Code  Gb  stm8l15x_it.o [1]
_interrupt_28           0x00ba6b         Code  Gb  stm8l15x_it.o [1]
_interrupt_29           0x00ba6c         Code  Gb  stm8l15x_it.o [1]
_interrupt_3            0x00ba54         Code  Gb  stm8l15x_it.o [1]
_interrupt_30           0x00b937         Code  Gb  stm8l15x_it.o [1]
_interrupt_31           0x00ba6d         Code  Gb  stm8l15x_it.o [1]
_interrupt_4            0x00ba55         Code  Gb  stm8l15x_it.o [1]
_interrupt_5            0x00ba56         Code  Gb  stm8l15x_it.o [1]
_interrupt_6            0x00ba57         Code  Gb  stm8l15x_it.o [1]
_interrupt_7            0x00ba58         Code  Gb  stm8l15x_it.o [1]
_interrupt_8            0x00ba59         Code  Gb  stm8l15x_it.o [1]
_interrupt_9            0x00ba5a         Code  Gb  stm8l15x_it.o [1]
char_Contro             0x00834c  0x2a0  Data  Gb  lcd.o [1]
char_ID_CHECKER         0x008970  0x168  Data  Gb  lcd.o [1]
char_Medium             0x008bf8  0x118  Data  Gb  lcd.o [1]
char_Small              0x0085ec  0x1ef  Data  Gb  lcd.o [1]
char_company            0x008ad8  0x120  Data  Gb  lcd.o [1]
delay                   0x00b8cb   0x1b  Code  Gb  lcd.o [1]
display_map_58_6        0x008e1c   0x5b  Code  Gb  lcd.o [1]
display_map_xy          0x008d8b   0x91  Code  Gb  lcd.o [1]
eeprom_sys_load         0x00a706  0x195  Code  Gb  eeprom.o [1]
exit                    0x00ba47    0x4  Code  Gb  exit.o [4]
lcd_clear               0x00b617   0x49  Code  Gb  lcd.o [1]
lcd_desplay             0x0091f3  0x382  Code  Gb  lcd.o [1]
lcd_init                0x00b0d5   0x95  Code  Gb  lcd.o [1]
main                    0x00ad43  0x120  Code  Gb  main.o [1]
rand                    0x00af72   0xc4  Code  Gb  rand.o [4]
send_command            0x00b6a0   0x3a  Code  Gb  lcd.o [1]
send_data               0x00b6da   0x3a  Code  Gb  lcd.o [1]
srand                   0x00b660   0x40  Code  Gb  srand.o [4]


[1] = D:\MyCloud\Working\ADF7030-1 程序\ADF7030-1 STM8  RSSI display\Debug\Obj
[2] = command line
[3] = dbgstm8mmd.a
[4] = dlstm8mmn.a

  11 492 bytes of readonly  code memory
   3 467 bytes of readonly  data memory
   1 989 bytes of readwrite data memory (+ 51 absolute)

Errors: none
Warnings: none
